2025-08-15T15:22:01.150Z [[32minfo[39m]: Server running on port 5000
2025-08-15T15:22:01.165Z [[32minfo[39m]: MongoDB connected
2025-08-15T15:23:05.787Z [[32minfo[39m]: Server running on port 5000
2025-08-15T15:23:05.803Z [[32minfo[39m]: MongoDB connected
2025-08-15T15:23:13.131Z [[31merror[39m]: Error creating user:
2025-08-15T15:23:13.135Z [[32minfo[39m]: ::1 - - [15/Aug/2025:15:23:13 +0000] "POST /api/users HTTP/1.1" 500 33 "-" "PostmanRuntime/7.43.4"
2025-08-15T15:23:48.592Z [[32minfo[39m]: Created user: tipu@gmail.com
2025-08-15T15:23:48.594Z [[32minfo[39m]: ::1 - - [15/Aug/2025:15:23:48 +0000] "POST /api/users HTTP/1.1" 201 83 "-" "PostmanRuntime/7.43.4"
2025-08-15T15:28:13.522Z [[32minfo[39m]: Server running on port 5000
2025-08-15T15:28:13.551Z [[32minfo[39m]: MongoDB connected
2025-08-15T15:28:43.504Z [[32minfo[39m]: Server running on port 5000
2025-08-15T15:28:43.517Z [[32minfo[39m]: MongoDB connected
2025-08-15T15:28:59.961Z [[32minfo[39m]: Server running on port 5000
2025-08-15T15:28:59.973Z [[32minfo[39m]: MongoDB connected
2025-08-15T15:29:07.316Z [[32minfo[39m]: Server running on port 5000
2025-08-15T15:29:07.328Z [[32minfo[39m]: MongoDB connected
2025-08-15T15:29:44.404Z [[32minfo[39m]: Server running on port 5000
2025-08-15T15:29:44.420Z [[32minfo[39m]: MongoDB connected
2025-08-15T15:29:54.191Z [[32minfo[39m]: Server running on port 5000
2025-08-15T15:29:54.204Z [[32minfo[39m]: MongoDB connected
2025-08-15T15:30:21.542Z [[32minfo[39m]: Server running on port 5000
2025-08-15T15:30:21.556Z [[32minfo[39m]: MongoDB connected
2025-08-15T15:30:25.014Z [[32minfo[39m]: Server running on port 5000
2025-08-15T15:30:25.026Z [[32minfo[39m]: MongoDB connected
2025-08-15T15:31:21.543Z [[32minfo[39m]: Server running on port 5000
2025-08-15T15:31:21.557Z [[32minfo[39m]: MongoDB connected
2025-08-15T15:32:24.457Z [[32minfo[39m]: Server running on port 5000
2025-08-15T15:32:24.471Z [[32minfo[39m]: MongoDB connected
2025-08-15T15:32:38.865Z [[32minfo[39m]: Server running on port 5000
2025-08-15T15:32:38.877Z [[32minfo[39m]: MongoDB connected
2025-08-15T15:33:53.803Z [[32minfo[39m]: Server running on port 5000
2025-08-15T15:33:53.819Z [[32minfo[39m]: MongoDB connected
2025-08-15T15:36:36.616Z [[32minfo[39m]: Server running on port 5000
2025-08-15T15:36:36.630Z [[32minfo[39m]: MongoDB connected
2025-08-15T15:38:20.251Z [[32minfo[39m]: Server running on port 5000
2025-08-15T15:38:20.265Z [[32minfo[39m]: MongoDB connected
2025-08-15T15:39:04.421Z [[32minfo[39m]: ::1 - - [15/Aug/2025:15:39:04 +0000] "POST /api/auth/login HTTP/1.1" 500 53 "-" "PostmanRuntime/7.43.4"
2025-08-15T15:39:46.221Z [[32minfo[39m]: ::1 - - [15/Aug/2025:15:39:46 +0000] "POST /api/auth/login HTTP/1.1" 500 50 "-" "PostmanRuntime/7.43.4"
2025-08-15T15:40:28.438Z [[32minfo[39m]: ::1 - - [15/Aug/2025:15:40:28 +0000] "POST /api/auth/login HTTP/1.1" 500 50 "-" "PostmanRuntime/7.43.4"
2025-08-15T15:43:20.558Z [[32minfo[39m]: Server running on port 5000
2025-08-15T15:43:20.573Z [[32minfo[39m]: MongoDB connected
2025-08-15T15:43:25.470Z [[32minfo[39m]: Request
2025-08-15T15:43:25.483Z [[32minfo[39m]: ::1 - - [15/Aug/2025:15:43:25 +0000] "POST /api/auth/login HTTP/1.1" 500 50 "-" "PostmanRuntime/7.43.4"
2025-08-15T15:44:56.427Z [[32minfo[39m]: ::1 - - [15/Aug/2025:15:44:56 +0000] "POST /api/auth/register HTTP/1.1" 400 33 "-" "PostmanRuntime/7.43.4"
2025-08-15T15:45:58.334Z [[32minfo[39m]: ::1 - - [15/Aug/2025:15:45:58 +0000] "POST /api/auth/register HTTP/1.1" 201 183 "-" "PostmanRuntime/7.43.4"
2025-08-15T15:48:06.572Z [[32minfo[39m]: ::1 - - [15/Aug/2025:15:48:06 +0000] "GET /api/protected/test HTTP/1.1" 200 29 "-" "PostmanRuntime/7.43.4"
2025-08-15T15:48:39.497Z [[32minfo[39m]: Request
2025-08-15T15:48:39.571Z [[32minfo[39m]: ::1 - - [15/Aug/2025:15:48:39 +0000] "POST /api/auth/login HTTP/1.1" 400 33 "-" "PostmanRuntime/7.43.4"
2025-08-15T15:48:44.962Z [[32minfo[39m]: Request
2025-08-15T15:48:45.044Z [[32minfo[39m]: ::1 - - [15/Aug/2025:15:48:45 +0000] "POST /api/auth/login HTTP/1.1" 200 183 "-" "PostmanRuntime/7.43.4"
2025-08-15T20:59:10.090Z [[32minfo[39m]: Server running on port 5000
2025-08-15T20:59:10.105Z [[32minfo[39m]: MongoDB connected
2025-08-15T20:59:15.672Z [[32minfo[39m]: ::1 - - [15/Aug/2025:20:59:15 +0000] "OPTIONS /api/domains HTTP/1.1" 200 4 "http://localhost:3000/" "Mozilla/5.0 (Windows NT 10.0; Win64; x64) AppleWebKit/537.36 (KHTML, like Gecko) Chrome/139.0.0.0 Safari/537.36 Edg/139.0.0.0"
2025-08-15T21:01:01.323Z [[32minfo[39m]: ::1 - - [15/Aug/2025:21:01:01 +0000] "OPTIONS /api/domains/ HTTP/1.1" 200 4 "http://localhost:3000/" "Mozilla/5.0 (Linux; Android 6.0; Nexus 5 Build/MRA58N) AppleWebKit/537.36 (KHTML, like Gecko) Chrome/139.0.0.0 Mobile Safari/537.36"
2025-08-15T21:01:44.087Z [[32minfo[39m]: Server running on port 5000
2025-08-15T21:01:44.100Z [[32minfo[39m]: MongoDB connected
2025-08-15T21:02:21.786Z [[32minfo[39m]: Server running on port 5000
2025-08-15T21:02:21.799Z [[32minfo[39m]: MongoDB connected
2025-08-15T21:04:10.463Z [[32minfo[39m]: Server running on port 5000
2025-08-15T21:04:10.476Z [[32minfo[39m]: MongoDB connected
2025-08-15T21:04:35.205Z [[32minfo[39m]: ::1 - - [15/Aug/2025:21:04:35 +0000] "POST /api/domains/ HTTP/1.1" 201 207 "http://localhost:3000/" "Mozilla/5.0 (Linux; Android 6.0; Nexus 5 Build/MRA58N) AppleWebKit/537.36 (KHTML, like Gecko) Chrome/139.0.0.0 Mobile Safari/537.36"
2025-08-15T21:14:03.989Z [[32minfo[39m]: Server running on port 5000
2025-08-15T21:14:04.004Z [[32minfo[39m]: MongoDB connected
2025-08-15T21:14:33.141Z [[32minfo[39m]: Server running on port 5000
2025-08-15T21:14:33.156Z [[32minfo[39m]: MongoDB connected
2025-08-15T21:18:38.194Z [[32minfo[39m]: ::1 - - [15/Aug/2025:21:18:38 +0000] "GET /api/domains HTTP/1.1" 200 209 "http://localhost:3000/" "Mozilla/5.0 (Linux; Android 6.0; Nexus 5 Build/MRA58N) AppleWebKit/537.36 (KHTML, like Gecko) Chrome/139.0.0.0 Mobile Safari/537.36"
2025-08-15T21:18:58.278Z [[32minfo[39m]: ::1 - - [15/Aug/2025:21:18:58 +0000] "GET /api/domains HTTP/1.1" 304 - "http://localhost:3000/" "Mozilla/5.0 (Windows NT 10.0; Win64; x64) AppleWebKit/537.36 (KHTML, like Gecko) Chrome/139.0.0.0 Safari/537.36"
2025-08-15T21:19:00.591Z [[32minfo[39m]: ::1 - - [15/Aug/2025:21:19:00 +0000] "GET /api/domains HTTP/1.1" 304 - "http://localhost:3000/" "Mozilla/5.0 (Windows NT 10.0; Win64; x64) AppleWebKit/537.36 (KHTML, like Gecko) Chrome/139.0.0.0 Safari/537.36"
2025-08-15T21:19:35.381Z [[32minfo[39m]: ::1 - - [15/Aug/2025:21:19:35 +0000] "GET /api/domains HTTP/1.1" 304 - "http://localhost:3000/" "Mozilla/5.0 (Linux; Android 6.0; Nexus 5 Build/MRA58N) AppleWebKit/537.36 (KHTML, like Gecko) Chrome/139.0.0.0 Mobile Safari/537.36"
2025-08-15T21:21:16.664Z [[32minfo[39m]: ::1 - - [15/Aug/2025:21:21:16 +0000] "GET /api/domains HTTP/1.1" 304 - "http://localhost:3000/" "Mozilla/5.0 (Linux; Android 6.0; Nexus 5 Build/MRA58N) AppleWebKit/537.36 (KHTML, like Gecko) Chrome/139.0.0.0 Mobile Safari/537.36"
2025-08-15T21:22:21.275Z [[32minfo[39m]: Server running on port 5000
2025-08-15T21:22:21.290Z [[32minfo[39m]: MongoDB connected
2025-08-15T21:25:41.022Z [[32minfo[39m]: ::1 - - [15/Aug/2025:21:25:41 +0000] "GET /api/domains HTTP/1.1" 304 - "http://localhost:3000/" "Mozilla/5.0 (Linux; Android 6.0; Nexus 5 Build/MRA58N) AppleWebKit/537.36 (KHTML, like Gecko) Chrome/139.0.0.0 Mobile Safari/537.36"
2025-08-15T21:26:19.304Z [[32minfo[39m]: ::1 - - [15/Aug/2025:21:26:19 +0000] "POST /api/domains/ HTTP/1.1" 400 68 "http://localhost:3000/" "Mozilla/5.0 (Linux; Android 6.0; Nexus 5 Build/MRA58N) AppleWebKit/537.36 (KHTML, like Gecko) Chrome/139.0.0.0 Mobile Safari/537.36"
2025-08-15T21:27:16.540Z [[32minfo[39m]: ::1 - - [15/Aug/2025:21:27:16 +0000] "POST /api/domains/ HTTP/1.1" 400 68 "http://localhost:3000/" "Mozilla/5.0 (Linux; Android 6.0; Nexus 5 Build/MRA58N) AppleWebKit/537.36 (KHTML, like Gecko) Chrome/139.0.0.0 Mobile Safari/537.36"
2025-08-15T21:28:10.270Z [[32minfo[39m]: Server running on port 5000
2025-08-15T21:28:10.283Z [[32minfo[39m]: MongoDB connected
2025-08-15T21:28:11.794Z [[32minfo[39m]: ::1 - - [15/Aug/2025:21:28:11 +0000] "POST /api/domains/ HTTP/1.1" 201 195 "http://localhost:3000/" "Mozilla/5.0 (Linux; Android 6.0; Nexus 5 Build/MRA58N) AppleWebKit/537.36 (KHTML, like Gecko) Chrome/139.0.0.0 Mobile Safari/537.36"
2025-08-15T21:28:18.366Z [[32minfo[39m]: ::1 - - [15/Aug/2025:21:28:18 +0000] "GET /api/domains HTTP/1.1" 200 405 "http://localhost:3000/" "Mozilla/5.0 (Linux; Android 6.0; Nexus 5 Build/MRA58N) AppleWebKit/537.36 (KHTML, like Gecko) Chrome/139.0.0.0 Mobile Safari/537.36"
